﻿
> sms-client@1.0.0 build
> vite build

[36mvite v5.4.21 [32mbuilding for production...[36m[39m
transforming...
[32mΓ£ô[39m 911 modules transformed.
node.exe : [31mx[39m Build failed in 5.63s
At line:1 char:1
+ & "C:\Program Files\nodejs/node.exe" 
"C:\Program Files\nodejs/node_mo ...
+ ~~~~~~~~~~~~~~~~~~~~~~~~~~~~~~~~~~~~~~~~~~~~~~~
~~~~~~~~~~~~~~~~~~~~~~
    + CategoryInfo          : NotSpecified: ([3 
   1mx[39m Build failed in 5.63s:String) [], R  
  emoteException
    + FullyQualifiedErrorId : NativeCommandError
 
[31merror during build:
[31msrc/pages/InvoiceView.jsx (5:2): 
"updateInvoiceAPI" is not exported by 
"src/services/api.js", imported by 
"src/pages/InvoiceView.jsx".[31m
file: [36mD:/pro/Subscription Management 
System/client/src/pages/InvoiceView.jsx:5:2[31m
[33m
3: import { 
4:   getInvoiceAPI, 
5:   updateInvoiceAPI, 
     ^
6:   updateInvoiceStatusAPI,
7:   deleteInvoiceAPI,
[31m
    at getRollupError (file:///D:/pro/Subscriptio
n%20Management%20System/client/node_modules/rollu
p/dist/es/shared/parseAst.js:406:41)
    at error (file:///D:/pro/Subscription%20Manag
ement%20System/client/node_modules/rollup/dist/es
/shared/parseAst.js:402:42)
    at Module.error (file:///D:/pro/Subscription%
20Management%20System/client/node_modules/rollup/
dist/es/shared/node-entry.js:17380:16)
    at Module.traceVariable (file:///D:/pro/Subsc
ription%20Management%20System/client/node_modules
/rollup/dist/es/shared/node-entry.js:17813:29)
    at ModuleScope.findVariable (file:///D:/pro/S
ubscription%20Management%20System/client/node_mod
ules/rollup/dist/es/shared/node-entry.js:15403:39
)
    at ReturnValueScope.findVariable (file:///D:/
pro/Subscription%20Management%20System/client/nod
e_modules/rollup/dist/es/shared/node-entry.js:567
6:38)
    at FunctionBodyScope.findVariable (file:///D:
/pro/Subscription%20Management%20System/client/no
de_modules/rollup/dist/es/shared/node-entry.js:56
76:38)
    at ReturnValueScope.findVariable (file:///D:/
pro/Subscription%20Management%20System/client/nod
e_modules/rollup/dist/es/shared/node-entry.js:567
6:38)
    at FunctionBodyScope.findVariable (file:///D:
/pro/Subscription%20Management%20System/client/no
de_modules/rollup/dist/es/shared/node-entry.js:56
76:38)
    at BlockScope.findVariable (file:///D:/pro/Su
bscription%20Management%20System/client/node_modu
les/rollup/dist/es/shared/node-entry.js:5676:38)
[39m
